// Jest Snapshot v1, https://goo.gl/fbAQLP

exports[`Pruebas en Entry Component debe de hacer match con el snapshot 1`] = `
<div class="entry-container mb-3 pointer p-2">
  <!-- Titulo -->
  <div class="entry-title d-flex"><span class="text-success fs-5 fw-bolt">23</span><span class="mx-1 fs-5">Agosto</span><span class="mx-2 fw-light">2022, Martes</span></div>
  <div class="entry-description">Tibur√≥n</div>
</div>
`;
